MO vga_sync NULL C:/Users/Manuel/Desktop/sdc-2012-fpga-roadfighter/RR/vga_sync.v vlg62/vga__sync.bin 1344089064
MO graphic_controller NULL C:/Users/Manuel/Desktop/sdc-2012-fpga-roadfighter/RR/graphic_controller.v vlg05/graphic__controller.bin 1344089064
MO background NULL C:/Users/Manuel/Desktop/sdc-2012-fpga-roadfighter/RR/background.v vlg64/background.bin 1344089064
MO graphic_car_controller NULL C:/Users/Manuel/Desktop/sdc-2012-fpga-roadfighter/RR/graphic_car_controller.v vlg16/graphic__car__controller.bin 1344089064
MO colisionManager NULL C:/Users/Manuel/Desktop/sdc-2012-fpga-roadfighter/RR/colision_manager.v vlg63/colision_manager.bin 1344089064
MO main NULL C:/Users/Manuel/Desktop/sdc-2012-fpga-roadfighter/RR/main.v vlg2D/main.bin 1344089064
MO rotary_decode NULL C:/Users/Manuel/Desktop/sdc-2012-fpga-roadfighter/RR/rotary_decode.v vlg1C/rotary__decode.bin 1344089064
MO flank_detector NULL C:/Users/Manuel/Desktop/sdc-2012-fpga-roadfighter/RR/flank_detector.v vlg7D/flank__detector.bin 1344089064
MO obstacle NULL C:/Users/Manuel/Desktop/sdc-2012-fpga-roadfighter/RR/obstacle.v vlg01/obstacle.bin 1344089064
MO upclk NULL C:/Users/Manuel/Desktop/sdc-2012-fpga-roadfighter/RR/upclk.v vlg07/upclk.bin 1344089064
MO game NULL C:/Users/Manuel/Desktop/sdc-2012-fpga-roadfighter/RR/game.v vlg4A/game.bin 1344089064
MO colisioneer NULL C:/Users/Manuel/Desktop/sdc-2012-fpga-roadfighter/RR/colisioneer.v vlg3C/colisioneer.bin 1344089064
MO obstacle_manager NULL C:/Users/Manuel/Desktop/sdc-2012-fpga-roadfighter/RR/obstacle_manager.v vlg63/obstacle__manager.bin 1344089064
MO db_fsm NULL C:/Users/Manuel/Desktop/sdc-2012-fpga-roadfighter/RR/db-fsm.v vlg7B/db__fsm.bin 1344089064
MO universal_bin_counter NULL C:/Users/Manuel/Desktop/sdc-2012-fpga-roadfighter/RR/universal_bin_counter.v vlg58/universal__bin__counter.bin 1344089064
MO player NULL C:/Users/Manuel/Desktop/sdc-2012-fpga-roadfighter/RR/player.v vlg75/player.bin 1344089064
