--------------------------------------------------------------------------------
Release 14.2 Trace  (nt64)
Copyright (c) 1995-2012 Xilinx, Inc.  All rights reserved.

C:\Xilinx\14.2\ISE_DS\ISE\bin\nt64\unwrapped\trce.exe -intstyle ise -e 3 -s 4
-n 3 -xml game.twx game.ncd -o game.twr game.pcf -ucf spartan3e.ucf

Design file:              game.ncd
Physical constraint file: game.pcf
Device,package,speed:     xc3s500e,fg320,-4 (PRODUCTION 1.27 2012-07-09)
Report level:             error report

Environment Variable      Effect 
--------------------      ------ 
NONE                      No environment variables were set
--------------------------------------------------------------------------------

INFO:Timing:2698 - No timing constraints found, doing default enumeration.
INFO:Timing:3412 - To improve timing, see the Timing Closure User Guide (UG612).
INFO:Timing:2752 - To get complete path coverage, use the unconstrained paths 
   option. All paths that are not constrained will be reported in the 
   unconstrained paths section(s) of the report.
INFO:Timing:3339 - The clock-to-out numbers in this timing report are based on 
   a 50 Ohm transmission line loading model.  For the details of this model, 
   and for more information on accounting for different loading conditions, 
   please see the device datasheet.
INFO:Timing:3390 - This architecture does not support a default System Jitter 
   value, please add SYSTEM_JITTER constraint to the UCF to modify the Clock 
   Uncertainty calculation.
INFO:Timing:3389 - This architecture does not support 'Discrete Jitter' and 
   'Phase Error' calculations, these terms will be zero in the Clock 
   Uncertainty calculation.  Please make appropriate modification to 
   SYSTEM_JITTER to account for the unsupported Discrete Jitter and Phase 
   Error.



Data Sheet report:
-----------------
All values displayed in nanoseconds (ns)

Setup/Hold to clock clk
------------+------------+------------+------------------+--------+
            |Max Setup to|Max Hold to |                  | Clock  |
Source      | clk (edge) | clk (edge) |Internal Clock(s) | Phase  |
------------+------------+------------+------------------+--------+
left        |    1.410(R)|    0.119(R)|clk_BUFGP         |   0.000|
reset2      |    6.525(R)|   -1.032(R)|clk_BUFGP         |   0.000|
right       |    1.002(R)|    0.456(R)|clk_BUFGP         |   0.000|
start       |    1.740(R)|   -0.181(R)|clk_BUFGP         |   0.000|
------------+------------+------------+------------------+--------+

Clock clk to Pad
--------------+------------+------------------+--------+
              | clk (edge) |                  | Clock  |
Destination   |   to PAD   |Internal Clock(s) | Phase  |
--------------+------------+------------------+--------+
colision      |   18.045(R)|clk_BUFGP         |   0.000|
hsync         |    8.384(R)|clk_BUFGP         |   0.000|
rgb<0>        |   14.600(R)|clk_BUFGP         |   0.000|
rgb<1>        |   13.610(R)|clk_BUFGP         |   0.000|
rgb<2>        |   13.610(R)|clk_BUFGP         |   0.000|
speaker_bass  |   20.617(R)|clk_BUFGP         |   0.000|
speaker_melody|   20.347(R)|clk_BUFGP         |   0.000|
total_score<0>|    8.293(R)|clk_BUFGP         |   0.000|
total_score<1>|    7.989(R)|clk_BUFGP         |   0.000|
total_score<2>|    8.239(R)|clk_BUFGP         |   0.000|
total_score<3>|    8.137(R)|clk_BUFGP         |   0.000|
total_score<4>|    7.804(R)|clk_BUFGP         |   0.000|
total_score<5>|    7.524(R)|clk_BUFGP         |   0.000|
vsync         |    9.082(R)|clk_BUFGP         |   0.000|
--------------+------------+------------------+--------+

Clock to Setup on destination clock clk
---------------+---------+---------+---------+---------+
               | Src:Rise| Src:Fall| Src:Rise| Src:Fall|
Source Clock   |Dest:Rise|Dest:Rise|Dest:Fall|Dest:Fall|
---------------+---------+---------+---------+---------+
clk            |   18.582|         |         |         |
---------------+---------+---------+---------+---------+


Analysis completed Fri Aug 02 19:02:58 2013 
--------------------------------------------------------------------------------

Trace Settings:
-------------------------
Trace Settings 

Peak Memory Usage: 204 MB



